// Jest Snapshot v1, https://goo.gl/fbAQLP

exports[`renders snapshot correctly 1`] = `
<div
  className="welcome"
>
  <div
    className="hero"
  >
    <div
      className="heroContainer"
    >
      <h1>
        registration.welcome.hero.header
      </h1>
      <Icon
        alt="Tada!"
        className="tada"
        src="tada.svg"
      />
      <form>
        <Button
          className="submitButton"
          type="submit"
        >
          common.profile.goToProfile.buttonText
        </Button>
      </form>
    </div>
  </div>
</div>
`;
