// Vitest Snapshot v1, https://vitest.dev/guide/snapshot.html

exports[`renders snapshot correctly 1`] = `
<div>
  <div
    class="_birthdateField_3e5209"
  >
    <label>
      Lapsen syntymäaika (pp.kk.vvvv)*
    </label>
    <div
      class="_inputWrapper_3e5209"
    >
      <div>
        <div
          class="TextInput-module_root__2CMNr text-input_hds-text-input__2LODq _formField_b4a938"
        >
          <div
            class="TextInput-module_inputWrapper__3Rvel text-input_hds-text-input__input-wrapper__1OqYG"
          >
            <input
              aria-label="pv"
              class="TextInput-module_input__1BlHi text-input_hds-text-input__input__GJm5C"
              id="foo.day"
              max="31"
              maxlength="2"
              min="1"
              name="foo.day"
              placeholder="pv"
              required=""
              type="number"
              value=""
            />
          </div>
        </div>
      </div>
      <div
        class="_dot_3e5209"
      >
        .
      </div>
      <div>
        <div
          class="TextInput-module_root__2CMNr text-input_hds-text-input__2LODq _formField_b4a938"
        >
          <div
            class="TextInput-module_inputWrapper__3Rvel text-input_hds-text-input__input-wrapper__1OqYG"
          >
            <input
              aria-label="kk"
              class="TextInput-module_input__1BlHi text-input_hds-text-input__input__GJm5C"
              id="foo.month"
              max="12"
              maxlength="2"
              min="1"
              name="foo.month"
              placeholder="kk"
              required=""
              type="number"
              value=""
            />
          </div>
        </div>
      </div>
      <div
        class="_dot_3e5209"
      >
        .
      </div>
      <div>
        <div
          class="TextInput-module_root__2CMNr text-input_hds-text-input__2LODq _formField_b4a938"
        >
          <div
            class="TextInput-module_inputWrapper__3Rvel text-input_hds-text-input__input-wrapper__1OqYG"
          >
            <input
              aria-label="vuosi"
              class="TextInput-module_input__1BlHi text-input_hds-text-input__input__GJm5C"
              id="foo.year"
              maxlength="4"
              min="2019"
              name="foo.year"
              placeholder="vuosi"
              required=""
              type="number"
              value=""
            />
          </div>
        </div>
      </div>
    </div>
  </div>
</div>
`;
