// Vitest Snapshot v1, https://vitest.dev/guide/snapshot.html

exports[`renders snapshot correctly 1`] = `
<div>
  <div
    class="_wrapper_f3c708"
    role="button"
    tabindex="0"
  >
    <div
      class="_image_f3c708 _fullHeight_f3c708"
    />
    <div
      class="_content_f3c708"
    >
      <h3
        class="_text_e4e173 _h3_e4e173 _title_f3c708"
      />
      foo
      <div
        class="_focalPoint_f3c708"
      >
        <span />
      </div>
    </div>
    <div
      class="_cta_f3c708"
    >
      <button
        aria-label=""
        class="Button-module_button__1msFE Button-module_supplementary__3YKiS _actionWrapper_f3c708"
        style="--color: var(--color-black); --color-hover: var(--color-black); --color-focus: var(--color-black-90); --color-hover-focus: var(--color-black-90); --background-color: transparent; --background-color-hover: transparent; --background-color-focus: transparent; --background-color-hover-focus: transparent; --background-selected: var(--color-summer); --border-color: none; --border-color-hover: var(--color-summer-dark); --border-color-focus: var(--color-summer-dark); --border-color-hover-focus: var(--color-summer-dark); --border-color-selected: var(--color-summer); --border-color-selected-hover: var(--color-summer-dark); --border-color-selected-focus: var(--color-summer); --border-color-selected-hover-focus: var(--color-summer);"
        type="button"
      >
        <span>
          <svg
            aria-hidden="true"
            aria-label="angle-right"
            class="Icon-module_icon__1Jtzj icon_hds-icon__1YqNC Icon-module_small__gTGkU icon_hds-icon--size-s__2Lkik"
            role="img"
            viewBox="0 0 24 24"
            xmlns="http://www.w3.org/2000/svg"
          >
            <path
              clip-rule="evenodd"
              d="M13.5 12L8.5 7L10 5.5L16.5 12L10 18.5L8.5 17L13.5 12Z"
              fill="currentColor"
              fill-rule="evenodd"
            />
          </svg>
        </span>
      </button>
    </div>
  </div>
</div>
`;
