// Vitest Snapshot v1, https://vitest.dev/guide/snapshot.html

exports[`renders snapshot correctly 1`] = `
<div>
  <div
    class="_heroWrapper_4ef685"
    style="background-image: url(a);"
    title="b"
  >
    <div
      class="_backButtonWrapper_4ef685"
    >
      <div
        class="_backButtonInnerWrapper_4ef685"
      >
        <a
          aria-label="Palaa"
          class="_backButton_4ef685"
          href="/back-to"
        >
          <svg
            aria-hidden="true"
            aria-label="arrow-left"
            class="Icon-module_icon__1Jtzj icon_hds-icon__1YqNC Icon-module_s__2WGWe icon_hds-icon--size-s__2Lkik _backButtonIcon_4ef685"
            role="img"
            viewBox="0 0 24 24"
            xmlns="http://www.w3.org/2000/svg"
          >
            <path
              clip-rule="evenodd"
              d="M10 5.5L11.5 7L7.5 11H20V13H7.5L11.5 17L10 18.5L3.5 12L10 5.5Z"
              fill="currentColor"
              fill-rule="evenodd"
            />
          </svg>
        </a>
      </div>
    </div>
  </div>
  <div
    class="_pageWrapper_e42bcd _wrapper_4ef685"
  >
    <div
      class="_container_533ff0"
    >
      <div
        class="_eventWrapper_4ef685"
        role="main"
      >
        <div
          class="_event_4ef685"
        >
          <div
            class="_heading_4ef685"
          >
            <h1>
              event name
            </h1>
          </div>
        </div>
      </div>
    </div>
  </div>
</div>
`;
