// Vitest Snapshot v1, https://vitest.dev/guide/snapshot.html

exports[`renders snapshot correctly 1`] = `
<div>
  <div
    class="_heroWrapper_4ef685"
    style="background-image: url(a);"
    title="b"
  >
    <div
      class="_backButtonWrapper_4ef685"
    >
      <div
        class="_backButtonInnerWrapper_4ef685"
      >
        <a
          aria-label="Palaa"
          class="_backButton_4ef685"
          href="/back-to"
        >
          <div
            class="_imgWrapper_73ff55 _backButtonIcon_4ef685"
          >
            <img
              alt=""
              src="/src/assets/icons/svg/arrowLeft.svg"
            />
          </div>
        </a>
      </div>
    </div>
  </div>
  <div
    class="_pageWrapper_e42bcd _wrapper_4ef685"
  >
    <div
      class="_container_533ff0"
    >
      <div
        class="_eventWrapper_4ef685"
        role="main"
      >
        <div
          class="_event_4ef685"
        >
          <div
            class="_heading_4ef685"
          >
            <h1>
              event name
            </h1>
          </div>
        </div>
      </div>
    </div>
  </div>
</div>
`;
