// Vitest Snapshot v1, https://vitest.dev/guide/snapshot.html

exports[`renders snapshot correctly 1`] = `
<div>
  <table>
    <tbody>
      <tr
        class="_occurrence_cdc216 _isMobile_cdc216"
      >
        <td>
          Musiikkitalo
           
          <time
            datetime="2020-03-08 06:00:00.000"
          >
            su 8.3.2020
             
            06:00
          </time>
        </td>
        <td
          class="_remainingCapacity_cdc216"
        >
          99
        </td>
        <td
          class="_occurrenceSubmit_cdc216"
        >
          <a
            class="hds-button _button_f33f10"
            data-discover="true"
            href="/occurrence/T2NjdXJyZW5jZU5vZGU6Mg==/enrol"
          >
            <span
              class="hds-button__label"
            >
              Ilmoittaudu
            </span>
          </a>
        </td>
      </tr>
      <tr
        class="_occurrence_cdc216"
      >
        <td>
          su 8.3.2020
        </td>
        <td>
          06:00
        </td>
        <td>
          Musiikkitalo
        </td>
        <td
          class="_remainingCapacity_cdc216"
        >
          99
        </td>
        <td
          class="_occurrenceSubmit_cdc216"
        >
          <a
            class="hds-button _button_f33f10"
            data-discover="true"
            href="/occurrence/T2NjdXJyZW5jZU5vZGU6Mg==/enrol"
          >
            <span
              class="hds-button__label"
            >
              Ilmoittaudu
            </span>
          </a>
        </td>
      </tr>
    </tbody>
  </table>
</div>
`;
