// Vitest Snapshot v1, https://vitest.dev/guide/snapshot.html

exports[`renders snapshot correctly 1`] = `
<div>
  <div
    class=""
  >
    <button
      aria-controls="collapsible_1"
      aria-expanded="false"
      class="_header_b278db"
    >
      <h3>
        Saapuminen
      </h3>
      <div
        class="_imgWrapper_73ff55 _arrow_b278db"
      >
        <img
          alt=""
          src="/src/assets/icons/svg/angleDown.svg"
        />
      </div>
    </button>
    <div
      aria-hidden="true"
      class="_content_b278db"
      id="collapsible_1"
    >
      <p>
        zz jk ølk
      </p>
    </div>
    <hr />
  </div>
  <div
    class=""
  >
    <button
      aria-controls="collapsible_2"
      aria-expanded="false"
      class="_header_b278db"
    >
      <h3>
        Esteettömyys
      </h3>
      <div
        class="_imgWrapper_73ff55 _arrow_b278db"
      >
        <img
          alt=""
          src="/src/assets/icons/svg/angleDown.svg"
        />
      </div>
    </button>
    <div
      aria-hidden="true"
      class="_content_b278db"
      id="collapsible_2"
    >
      <p>
        a
      </p>
    </div>
    <hr />
  </div>
  <div
    class=""
  >
    <button
      aria-controls="collapsible_3"
      aria-expanded="false"
      class="_header_b278db"
    >
      <h3>
        WC-tilat ja lastenhoitohuone
      </h3>
      <div
        class="_imgWrapper_73ff55 _arrow_b278db"
      >
        <img
          alt=""
          src="/src/assets/icons/svg/angleDown.svg"
        />
      </div>
    </button>
    <div
      aria-hidden="true"
      class="_content_b278db"
      id="collapsible_3"
    >
      <p>
        zup
      </p>
    </div>
    <hr />
  </div>
  <div
    class=""
  >
    <button
      aria-controls="collapsible_4"
      aria-expanded="false"
      class="_header_b278db"
    >
      <h3>
        Lisätietoa
      </h3>
      <div
        class="_imgWrapper_73ff55 _arrow_b278db"
      >
        <img
          alt=""
          src="/src/assets/icons/svg/angleDown.svg"
        />
      </div>
    </button>
    <div
      aria-hidden="true"
      class="_content_b278db"
      id="collapsible_4"
    >
      <p>
        b
      </p>
    </div>
    <hr />
  </div>
</div>
`;
