// Jest Snapshot v1, https://goo.gl/fbAQLP

exports[`renders snapshot correctly 1`] = `
<div>
  <div
    class="successToast"
  >
    <div
      class="imgWrapper tadaIcon"
    >
      <img
        alt=""
        src="tada.svg"
      />
    </div>
    <div>
      <h1>
        Tapahtumaan ilmoittautuminen onnistui!
      </h1>
      <p>
        Lähetimme varmistusviestin sähköpostiisi, löydät sieltä tapahtuman lisätiedot
      </p>
    </div>
  </div>
</div>
`;
