// Vitest Snapshot v1, https://vitest.dev/guide/snapshot.html

exports[`renders snapshot correctly 1`] = `
<div>
  <div
    class="_successToast_663062"
  >
    <div
      class="_imgWrapper_73ff55 _tadaIcon_663062"
    >
      <img
        alt=""
        src="/icons/svg/tada.svg"
      />
    </div>
    <div>
      <h1>
        Tapahtumaan ilmoittautuminen onnistui!
      </h1>
      <p>
        Lähetimme varmistusviestin sähköpostiisi, löydät sieltä tapahtuman lisätiedot
      </p>
    </div>
  </div>
</div>
`;
