// Jest Snapshot v1, https://goo.gl/fbAQLP

exports[`renders snapshot correctly 1`] = `
<div>
  <section
    class="wrapper"
  >
    <div
      class="innerwrapper"
    >
      <div
        class="embedContainer"
      >
        <iframe
          allowfullscreen=""
          frameborder="0"
          id="ytplayer"
          src="https://www.youtube.com/embed/jYteckzo1uA?controls=0&fs=0&hl=fi&autoplay=1"
          title="video"
        />
      </div>
    </div>
  </section>
</div>
`;
