// Jest Snapshot v1, https://goo.gl/fbAQLP

exports[`renders snapshot correctly 1`] = `
<div>
  <div
    class="big"
  >
    <a
      class="container"
      href="https://www.hel.fi/kulttuurin-ja-vapaa-ajan-toimiala/fi/palvelut/yleiset-kulttuuripalvelut/"
    >
      <div
        class="imgWrapper icon"
      >
        <img
          alt="home.partners.partner.hel"
          src="helsinki-fi.svg"
        />
      </div>
    </a>
    <a
      class="container"
      href="https://jaes.fi/"
    >
      <div
        class="imgWrapper icon"
      >
        <img
          alt="Jane ja Aatos Erkon säätiö"
          src="jaes.png"
        />
      </div>
    </a>
  </div>
</div>
`;

exports[`renders snapshot correctly 2`] = `
<div>
  <div
    class="small"
  >
    <a
      class="container"
      href="https://amosrex.fi/"
    >
      <div
        class="imgWrapper icon"
      >
        <img
          alt="Amos Rex"
          src="amosrex.png"
        />
      </div>
    </a>
    <a
      class="container"
      href="https://cirko.fi/"
    >
      <div
        class="imgWrapper icon"
      >
        <img
          alt="Cirko – Uuden sirkuksen keskus"
          src="cirko.png"
        />
      </div>
    </a>
    <a
      class="container"
      href="https://dotdot.fi/suomeksi/"
    >
      <div
        class="imgWrapper icon"
      >
        <img
          alt="DOT ry"
          src="dotdot.png"
        />
      </div>
    </a>
    <a
      class="container"
      href="https://www.designmuseum.fi/fi/"
    >
      <div
        class="imgWrapper icon"
      >
        <img
          alt="Designmuseo"
          src="designmuseum.png"
        />
      </div>
    </a>
    <a
      class="container"
      href="https://www.hamhelsinki.fi/"
    >
      <div
        class="imgWrapper icon"
      >
        <img
          alt="Helsingin taidemuseo HAM"
          src="hamhelsinki.png"
        />
      </div>
    </a>
    <a
      class="container"
      href="https://www.helsinginkaupunginmuseo.fi/"
    >
      <div
        class="imgWrapper icon"
      >
        <img
          alt="Helsingin kaupunginmuseo"
          src="helsinginkaupunginmuseo.png"
        />
      </div>
    </a>
    <a
      class="container"
      href="https://helsinginkaupunginorkesteri.fi/"
    >
      <div
        class="imgWrapper icon"
      >
        <img
          alt="Helsingin kaupunginorkesteri"
          src="helsinginkaupunginorkesteri.png"
        />
      </div>
    </a>
    <a
      class="container"
      href="https://hkt.fi/"
    >
      <div
        class="imgWrapper icon"
      >
        <img
          alt="Helsingin Kaupunginteatteri"
          src="hkt.png"
        />
      </div>
    </a>
    <a
      class="container"
      href="https://www.hotellijaravintolamuseo.fi/"
    >
      <div
        class="imgWrapper icon"
      >
        <img
          alt="Hotelli- ja ravintolamuseo"
          src="hotellijaravintolamuseo.png"
        />
      </div>
    </a>
    <a
      class="container"
      href="https://www.hurjaruuth.fi/"
    >
      <div
        class="imgWrapper icon"
      >
        <img
          alt="Tanssiteatteri Hurjaruuth"
          src="hurjaruuth.png"
        />
      </div>
    </a>
    <a
      class="container"
      href="https://www.kaapelitehdas.fi/"
    >
      <div
        class="imgWrapper icon"
      >
        <img
          alt="home.partners.partner.kaapeli"
          src="Kaapeli.png"
        />
      </div>
    </a>
    <a
      class="container"
      href="https://www.kansallisgalleria.fi/fi/search?category=artwork&hasImage=true"
    >
      <div
        class="imgWrapper icon"
      >
        <img
          alt="home.partners.partner.kansallisgalleria"
          src="Finnish_National_Gallery_Logo_FI.svg"
        />
      </div>
    </a>
    <a
      class="container"
      href="https://www.kansallismuseo.fi/fi/kansallismuseo"
    >
      <div
        class="imgWrapper icon"
      >
        <img
          alt="Kansallismuseo"
          src="kansallismuseo.png"
        />
      </div>
    </a>
    <a
      class="container"
      href="https://kansallisteatteri.fi/"
    >
      <div
        class="imgWrapper icon"
      >
        <img
          alt="Kansallisteatteri"
          src="kansallisteatteri.png"
        />
      </div>
    </a>
    <a
      class="container"
      href="https://kavi.fi/kansallinen-audiovisuaalinen-instituutti-palvelee/"
    >
      <div
        class="imgWrapper icon"
      >
        <img
          alt="Kansallinen audiovisuaalinen instituutti"
          src="kavi.png"
        />
      </div>
    </a>
    <a
      class="container"
      href="https://www.kulttuuriperintokasvatus.fi/"
    >
      <div
        class="imgWrapper icon"
      >
        <img
          alt="Suomen Kulttuuriperintökasvatuksen seura"
          src="kulttuuriperintokasvatus.png"
        />
      </div>
    </a>
    <a
      class="container"
      href="https://www.helsinki.fi/fi/tiedemuseo-liekki"
    >
      <div
        class="imgWrapper icon"
      >
        <img
          alt="Tiedemuseo Liekki"
          src="Museum_Flame_FI.svg"
        />
      </div>
    </a>
    <a
      class="container"
      href="https://www.mfa.fi/"
    >
      <div
        class="imgWrapper icon"
      >
        <img
          alt="Arkkitehtuurimuseo"
          src="mfa.png"
        />
      </div>
    </a>
    <a
      class="container"
      href="https://nukketeatterisampo.fi/"
    >
      <div
        class="imgWrapper icon"
      >
        <img
          alt="Nukketeatteri Sampo"
          src="nukketeatterisampo.png"
        />
      </div>
    </a>
    <a
      class="container"
      href="https://oopperabaletti.fi/"
    >
      <div
        class="imgWrapper icon"
      >
        <img
          alt="Suomen kansallisooppera ja -baletti"
          src="oopperabaletti.png"
        />
      </div>
    </a>
    <a
      class="container"
      href="http://www.q-teatteri.fi/"
    >
      <div
        class="imgWrapper icon"
      >
        <img
          alt="Q-teatteri"
          src="qteatteri.png"
        />
      </div>
    </a>
    <a
      class="container"
      href="https://svenskateatern.fi/fi/alku/"
    >
      <div
        class="imgWrapper icon"
      >
        <img
          alt="Svenska Teatern"
          src="svenskateatern.png"
        />
      </div>
    </a>
    <a
      class="container"
      href="https://www.tanssintalo.fi/"
    >
      <div
        class="imgWrapper icon"
      >
        <img
          alt="Tanssin talo"
          src="tanssintalo.png"
        />
      </div>
    </a>
    <a
      class="container"
      href="https://www.teatteri-ilmio.fi/"
    >
      <div
        class="imgWrapper icon"
      >
        <img
          alt="Teatteri ILMI Ö"
          src="teatteriilmio.png"
        />
      </div>
    </a>
    <a
      class="container"
      href="https://www.teatterimuseo.fi/"
    >
      <div
        class="imgWrapper icon"
      >
        <img
          alt="Teatterimuseo"
          src="teatterimuseo.png"
        />
      </div>
    </a>
    <a
      class="container"
      href="https://www.valokuvataiteenmuseo.fi/fi"
    >
      <div
        class="imgWrapper icon"
      >
        <img
          alt="Suomen valokuvataiteen museo"
          src="valokuvataiteenmuseo.png"
        />
      </div>
    </a>
  </div>
</div>
`;
