// Vitest Snapshot v1, https://vitest.dev/guide/snapshot.html

exports[`renders snapshot correctly 1`] = `
<div>
  <div
    class="_big_46f5db"
  >
    <a
      class="_container_46f5db"
      href="https://www.hel.fi/kulttuurin-ja-vapaa-ajan-toimiala/fi/palvelut/yleiset-kulttuuripalvelut/"
    >
      <div
        class="_imgWrapper_73ff55 _icon_46f5db"
      >
        <img
          alt="home.partners.partner.hel"
          src="/src/assets/icons/svg/helsinki-fi.svg"
        />
      </div>
    </a>
    <a
      class="_container_46f5db"
      href="https://jaes.fi/"
    >
      <div
        class="_imgWrapper_73ff55 _icon_46f5db"
      >
        <img
          alt="Jane ja Aatos Erkon säätiö"
          src="/src/assets/icons/partners/jaes.png"
        />
      </div>
    </a>
  </div>
</div>
`;

exports[`renders snapshot correctly 2`] = `
<div>
  <div
    class="_small_46f5db"
  >
    <a
      class="_container_46f5db"
      href="https://amosrex.fi/"
    >
      <div
        class="_imgWrapper_73ff55 _icon_46f5db"
      >
        <img
          alt="Amos Rex"
          src="/src/assets/icons/partners/amosrex.png"
        />
      </div>
    </a>
    <a
      class="_container_46f5db"
      href="https://cirko.fi/"
    >
      <div
        class="_imgWrapper_73ff55 _icon_46f5db"
      >
        <img
          alt="Cirko – Uuden sirkuksen keskus"
          src="/src/assets/icons/partners/cirko.png"
        />
      </div>
    </a>
    <a
      class="_container_46f5db"
      href="https://dotdot.fi/suomeksi/"
    >
      <div
        class="_imgWrapper_73ff55 _icon_46f5db"
      >
        <img
          alt="DOT ry"
          src="/src/assets/icons/partners/dotdot.png"
        />
      </div>
    </a>
    <a
      class="_container_46f5db"
      href="https://www.designmuseum.fi/fi/"
    >
      <div
        class="_imgWrapper_73ff55 _icon_46f5db"
      >
        <img
          alt="Designmuseo"
          src="/src/assets/icons/partners/designmuseum.png"
        />
      </div>
    </a>
    <a
      class="_container_46f5db"
      href="https://www.hamhelsinki.fi/"
    >
      <div
        class="_imgWrapper_73ff55 _icon_46f5db"
      >
        <img
          alt="Helsingin taidemuseo HAM"
          src="/src/assets/icons/partners/hamhelsinki.png"
        />
      </div>
    </a>
    <a
      class="_container_46f5db"
      href="https://www.helsinginkaupunginmuseo.fi/"
    >
      <div
        class="_imgWrapper_73ff55 _icon_46f5db"
      >
        <img
          alt="Helsingin kaupunginmuseo"
          src="/src/assets/icons/partners/helsinginkaupunginmuseo.png"
        />
      </div>
    </a>
    <a
      class="_container_46f5db"
      href="https://helsinginkaupunginorkesteri.fi/"
    >
      <div
        class="_imgWrapper_73ff55 _icon_46f5db"
      >
        <img
          alt="Helsingin kaupunginorkesteri"
          src="/src/assets/icons/partners/helsinginkaupunginorkesteri.png"
        />
      </div>
    </a>
    <a
      class="_container_46f5db"
      href="https://hkt.fi/"
    >
      <div
        class="_imgWrapper_73ff55 _icon_46f5db"
      >
        <img
          alt="Helsingin Kaupunginteatteri"
          src="/src/assets/icons/partners/hkt.png"
        />
      </div>
    </a>
    <a
      class="_container_46f5db"
      href="https://www.hotellijaravintolamuseo.fi/"
    >
      <div
        class="_imgWrapper_73ff55 _icon_46f5db"
      >
        <img
          alt="Hotelli- ja ravintolamuseo"
          src="/src/assets/icons/partners/hotellijaravintolamuseo.png"
        />
      </div>
    </a>
    <a
      class="_container_46f5db"
      href="https://www.hurjaruuth.fi/"
    >
      <div
        class="_imgWrapper_73ff55 _icon_46f5db"
      >
        <img
          alt="Tanssiteatteri Hurjaruuth"
          src="/src/assets/icons/partners/hurjaruuth.png"
        />
      </div>
    </a>
    <a
      class="_container_46f5db"
      href="https://www.kaapelitehdas.fi/"
    >
      <div
        class="_imgWrapper_73ff55 _icon_46f5db"
      >
        <img
          alt="home.partners.partner.kaapeli"
          src="/src/assets/icons/partners/Kaapeli.png"
        />
      </div>
    </a>
    <a
      class="_container_46f5db"
      href="https://www.kansallisgalleria.fi/fi/search?category=artwork&hasImage=true"
    >
      <div
        class="_imgWrapper_73ff55 _icon_46f5db"
      >
        <img
          alt="home.partners.partner.kansallisgalleria"
          src="/src/assets/icons/partners/Finnish_National_Gallery_Logo_FI.svg"
        />
      </div>
    </a>
    <a
      class="_container_46f5db"
      href="https://www.kansallismuseo.fi/fi/kansallismuseo"
    >
      <div
        class="_imgWrapper_73ff55 _icon_46f5db"
      >
        <img
          alt="Kansallismuseo"
          src="/src/assets/icons/partners/kansallismuseo.png"
        />
      </div>
    </a>
    <a
      class="_container_46f5db"
      href="https://kansallisteatteri.fi/"
    >
      <div
        class="_imgWrapper_73ff55 _icon_46f5db"
      >
        <img
          alt="Kansallisteatteri"
          src="/src/assets/icons/partners/kansallisteatteri.png"
        />
      </div>
    </a>
    <a
      class="_container_46f5db"
      href="https://kavi.fi/kansallinen-audiovisuaalinen-instituutti-palvelee/"
    >
      <div
        class="_imgWrapper_73ff55 _icon_46f5db"
      >
        <img
          alt="Kansallinen audiovisuaalinen instituutti"
          src="/src/assets/icons/partners/kavi.png"
        />
      </div>
    </a>
    <a
      class="_container_46f5db"
      href="https://www.kulttuuriperintokasvatus.fi/"
    >
      <div
        class="_imgWrapper_73ff55 _icon_46f5db"
      >
        <img
          alt="Suomen Kulttuuriperintökasvatuksen seura"
          src="/src/assets/icons/partners/kulttuuriperintokasvatus.png"
        />
      </div>
    </a>
    <a
      class="_container_46f5db"
      href="https://www.helsinki.fi/fi/tiedemuseo-liekki"
    >
      <div
        class="_imgWrapper_73ff55 _icon_46f5db"
      >
        <img
          alt="Tiedemuseo Liekki"
          src="/src/assets/icons/partners/Museum_Flame_FI.svg"
        />
      </div>
    </a>
    <a
      class="_container_46f5db"
      href="https://www.mfa.fi/"
    >
      <div
        class="_imgWrapper_73ff55 _icon_46f5db"
      >
        <img
          alt="Arkkitehtuurimuseo"
          src="/src/assets/icons/partners/mfa.png"
        />
      </div>
    </a>
    <a
      class="_container_46f5db"
      href="https://nukketeatterisampo.fi/"
    >
      <div
        class="_imgWrapper_73ff55 _icon_46f5db"
      >
        <img
          alt="Nukketeatteri Sampo"
          src="/src/assets/icons/partners/nukketeatterisampo.png"
        />
      </div>
    </a>
    <a
      class="_container_46f5db"
      href="https://oopperabaletti.fi/"
    >
      <div
        class="_imgWrapper_73ff55 _icon_46f5db"
      >
        <img
          alt="Suomen kansallisooppera ja -baletti"
          src="/src/assets/icons/partners/oopperabaletti.png"
        />
      </div>
    </a>
    <a
      class="_container_46f5db"
      href="https://www.q-teatteri.fi/"
    >
      <div
        class="_imgWrapper_73ff55 _icon_46f5db"
      >
        <img
          alt="Q-teatteri"
          src="/src/assets/icons/partners/qteatteri.png"
        />
      </div>
    </a>
    <a
      class="_container_46f5db"
      href="https://svenskateatern.fi/fi/alku/"
    >
      <div
        class="_imgWrapper_73ff55 _icon_46f5db"
      >
        <img
          alt="Svenska Teatern"
          src="/src/assets/icons/partners/svenskateatern.png"
        />
      </div>
    </a>
    <a
      class="_container_46f5db"
      href="https://www.tanssintalo.fi/"
    >
      <div
        class="_imgWrapper_73ff55 _icon_46f5db"
      >
        <img
          alt="Tanssin talo"
          src="/src/assets/icons/partners/tanssintalo.png"
        />
      </div>
    </a>
    <a
      class="_container_46f5db"
      href="https://www.teatteri-ilmio.fi/"
    >
      <div
        class="_imgWrapper_73ff55 _icon_46f5db"
      >
        <img
          alt="Teatteri ILMI Ö"
          src="/src/assets/icons/partners/teatteriilmio.png"
        />
      </div>
    </a>
    <a
      class="_container_46f5db"
      href="https://www.teatterimuseo.fi/"
    >
      <div
        class="_imgWrapper_73ff55 _icon_46f5db"
      >
        <img
          alt="Teatterimuseo"
          src="/src/assets/icons/partners/teatterimuseo.png"
        />
      </div>
    </a>
    <a
      class="_container_46f5db"
      href="https://www.valokuvataiteenmuseo.fi/fi"
    >
      <div
        class="_imgWrapper_73ff55 _icon_46f5db"
      >
        <img
          alt="Suomen valokuvataiteen museo"
          src="/src/assets/icons/partners/valokuvataiteenmuseo.png"
        />
      </div>
    </a>
  </div>
</div>
`;
