// Vitest Snapshot v1, https://vitest.dev/guide/snapshot.html

exports[`renders snapshot correctly 1`] = `
<div>
  <div
    class="_pageWrapper_4ba3e3 _grayBackground_140e51"
  >
    <div
      class="_container_996049"
    >
      <div
        class="_registrationFormContainer_140e51"
      >
        <div
          class="_registrationForm_140e51"
        >
          <form
            data-testid="registrationForm"
            id="registrationForm"
          >
            <div
              class="_registrationGrayContainer_140e51"
            >
              <h1>
                Tule mukaan
              </h1>
            </div>
            <div
              class="_childrenInfo_140e51 _registrationWhiteContainer_140e51"
            >
              <div
                class="_childFields_87b5a0"
              >
                <div
                  class="_childInfo_87b5a0"
                >
                  <div
                    class="_heading_87b5a0"
                  >
                    <div
                      class="_imgWrapper_1fbb90 _childImage_87b5a0"
                    >
                      <img
                        alt=""
                        src="/icons/svg/childFaceHappy.svg"
                      />
                    </div>
                    <h2>
                      Lapsen tiedot
                    </h2>
                    <p
                      class="_right_409a23"
                      data-testid="mandatory-field-legend"
                    >
                      <span
                        class="_bold_409a23"
                      >
                        *
                      </span>
                      <span>
                         
                        tarkoittaa pakollista kenttää
                      </span>
                    </p>
                  </div>
                  <div
                    class="_childFixedInfo_87b5a0"
                  >
                    <div
                      class="_childBirthyear_87b5a0"
                    >
                      <label>
                        Lapsen syntymävuosi
                      </label>
                      <p>
                        2026
                      </p>
                    </div>
                    <div
                      class="_childHomeCity_87b5a0"
                    >
                      <label>
                        Lapsen kotipaikkakunta
                      </label>
                      <p />
                    </div>
                  </div>
                  <div
                    class="_childName_87b5a0"
                  >
                    <div>
                      <div
                        class="TextInput-module_root__lPctx text-input_hds-text-input__mG8r6 _formField_69b114"
                      >
                        <label
                          class="FieldLabel-module_label__EyKsf "
                          for="children[0].name"
                        >
                          Lapsen nimi
                        </label>
                        <div
                          class="TextInput-module_inputWrapper__9kbLn text-input_hds-text-input__input-wrapper__1RzOg"
                        >
                          <input
                            autocomplete="new-password"
                            class="TextInput-module_input__LLKkZ text-input_hds-text-input__input__Kglq3"
                            id="children[0].name"
                            name="children[0].name"
                            placeholder="Lisää lapsen nimi"
                            type="text"
                            value=""
                          />
                        </div>
                      </div>
                    </div>
                  </div>
                  <div>
                    <div
                      class="TextInput-module_root__lPctx text-input_hds-text-input__mG8r6 _formField_69b114"
                    >
                      <label
                        class="FieldLabel-module_label__EyKsf "
                        for="children[0].postalCode"
                      >
                        Postinumero
                        <span
                          class="RequiredIndicator-module_indicator__f1SnK text-input_hds-text-input__required__ZUnA2"
                        >
                          *
                        </span>
                      </label>
                      <div
                        class="TextInput-module_inputWrapper__9kbLn text-input_hds-text-input__input-wrapper__1RzOg"
                      >
                        <input
                          class="TextInput-module_input__LLKkZ text-input_hds-text-input__input__Kglq3"
                          id="children[0].postalCode"
                          name="children[0].postalCode"
                          placeholder="Lisää postinumero"
                          required=""
                          type="text"
                          value=""
                        />
                      </div>
                    </div>
                  </div>
                  <div
                    class="_formField_69b114 Select-module_root__7RUyk"
                    id="children[0].relationship.type"
                    name="children[0].relationship.type"
                    tabindex="-1"
                  >
                    <label
                      class="FieldLabel-module_label__EyKsf "
                      for="children[0].relationship.type-main-button"
                      id="children[0].relationship.type-label"
                    >
                      Ilmoittajan suhde lapseen
                      <span
                        class="RequiredIndicator-module_indicator__f1SnK text-input_hds-text-input__required__ZUnA2"
                      >
                        *
                      </span>
                    </label>
                    <div
                      class="Select-module_selectAndListContainer__0LfdG"
                    >
                      <div
                        class="Select-module_selectedOptionsContainer__7dBXl"
                      >
                        <button
                          aria-controls="children[0].relationship.type-list"
                          aria-disabled="false"
                          aria-expanded="false"
                          aria-haspopup="listbox"
                          aria-label="Ilmoittajan suhde lapseen. Valitse. 0 valittua vaihtoehtoa. Pakollinen."
                          class="Select-module_dropdownButton__JCbQQ Select-module_selectedOptions__ZV-qI Select-module_placeholder__u-WLf Select-module_singleSelect__y5Oup"
                          id="children[0].relationship.type-main-button"
                          role="combobox"
                          type="button"
                        >
                          <div
                            aria-hidden="true"
                            class="Select-module_labels__hujKB"
                          >
                            <span
                              class="Select-module_dropdownButtonOption__QWCG-"
                              data-testid="placeholder"
                            >
                              Valitse
                            </span>
                          </div>
                          <div
                            class="Select-module_arrowAndSpaceForClearButton__x2ij8 Select-module_icon__WBy3J"
                          >
                            <svg
                              aria-hidden="true"
                              aria-label="angle-down"
                              class="Icon-module_icon__JQmVx icon_hds-icon__O6EV0 Icon-module_small__nAApk icon_hds-icon--size-s__SloSo Select-module_angleIcon__tPtcz"
                              role="img"
                              viewBox="0 0 24 24"
                              xmlns="http://www.w3.org/2000/svg"
                            >
                              <path
                                clip-rule="evenodd"
                                d="M12 13.5L17 8.5L18.5 10L12 16.5L5.5 10L7 8.5L12 13.5Z"
                                fill="currentColor"
                                fill-rule="evenodd"
                              />
                            </svg>
                          </div>
                        </button>
                      </div>
                      <div>
                        <div
                          aria-hidden="true"
                          class="Select-module_listAndInputContainer__9hv5c"
                          id="children[0].relationship.type-sl-container"
                        />
                      </div>
                    </div>
                    <div
                      aria-live="polite"
                      class="Select-module_screenReaderNotifications__I0-Hs"
                      data-testid="hds-select-screen-reader-notifications"
                    />
                  </div>
                </div>
              </div>
            </div>
            <div
              class="_registrationGrayContainer_140e51"
            >
              <button
                aria-label="Lisää lapsi"
                class="Button-module_button__P7hTI Button-module_supplementary__uEAdn _addNewChildButton_140e51"
                style="--color: var(--color-black); --color-hover: var(--color-black); --color-focus: var(--color-black-90); --color-hover-focus: var(--color-black-90); --background-color: transparent; --background-color-hover: transparent; --background-color-focus: transparent; --background-color-hover-focus: transparent; --background-selected: var(--color-summer); --border-color: none; --border-color-hover: var(--color-summer-dark); --border-color-focus: var(--color-summer-dark); --border-color-hover-focus: var(--color-summer-dark); --border-color-selected: var(--color-summer); --border-color-selected-hover: var(--color-summer-dark); --border-color-selected-focus: var(--color-summer); --border-color-selected-hover-focus: var(--color-summer);"
                type="button"
              >
                <div
                  aria-hidden="true"
                  class="Button-module_icon__Di-Ga"
                >
                  <svg
                    aria-hidden="true"
                    aria-label="plus-circle"
                    class="Icon-module_icon__JQmVx icon_hds-icon__O6EV0 Icon-module_small__nAApk icon_hds-icon--size-s__SloSo"
                    role="img"
                    viewBox="0 0 24 24"
                    xmlns="http://www.w3.org/2000/svg"
                  >
                    <path
                      clip-rule="evenodd"
                      d="M12 2C17.5228 2 22 6.47715 22 12C22 17.5228 17.5228 22 12 22C6.47715 22 2 17.5228 2 12C2 6.47715 6.47715 2 12 2ZM12 4C7.58172 4 4 7.58172 4 12C4 16.4183 7.58172 20 12 20C16.4183 20 20 16.4183 20 12C20 7.58172 16.4183 4 12 4ZM13 7V11H17V13H13V17H11V13H7V11H11V7H13Z"
                      fill="currentColor"
                      fill-rule="evenodd"
                    />
                  </svg>
                </div>
                <span>
                  Lisää lapsi
                </span>
              </button>
            </div>
            <div
              class="_guardianInfo_140e51 _registrationWhiteContainer_140e51"
            >
              <div
                class="_heading_140e51"
              >
                <div
                  class="_imgWrapper_1fbb90 _childImage_140e51"
                >
                  <img
                    alt=""
                    src="/icons/svg/adultFaceHappy.svg"
                  />
                </div>
                <h2>
                  Lähiaikuisen tiedot
                </h2>
                <p
                  class="_right_409a23"
                  data-testid="mandatory-field-legend"
                >
                  <span
                    class="_bold_409a23"
                  >
                    *
                  </span>
                  <span>
                     
                    tarkoittaa pakollista kenttää
                  </span>
                </p>
              </div>
              <div>
                <div
                  class="TextInput-module_root__lPctx text-input_hds-text-input__mG8r6 _formField_69b114"
                >
                  <label
                    class="FieldLabel-module_label__EyKsf "
                    for="guardian.email"
                  >
                    Sähköpostiosoite
                    <span
                      class="RequiredIndicator-module_indicator__f1SnK text-input_hds-text-input__required__ZUnA2"
                    >
                      *
                    </span>
                  </label>
                  <div
                    class="TextInput-module_inputWrapper__9kbLn text-input_hds-text-input__input-wrapper__1RzOg"
                  >
                    <input
                      class="TextInput-module_input__LLKkZ text-input_hds-text-input__input__Kglq3"
                      data-testid="guardian.email"
                      disabled=""
                      id="guardian.email"
                      name="guardian.email"
                      placeholder="Lisää sähköpostiosoite"
                      required=""
                      type="text"
                      value=""
                    />
                  </div>
                </div>
              </div>
              <div>
                <div
                  class="TextInput-module_root__lPctx text-input_hds-text-input__mG8r6 _formField_69b114"
                >
                  <label
                    class="FieldLabel-module_label__EyKsf "
                    for="guardian.phoneNumber"
                  >
                    Puhelinnumero
                    <span
                      class="RequiredIndicator-module_indicator__f1SnK text-input_hds-text-input__required__ZUnA2"
                    >
                      *
                    </span>
                  </label>
                  <div
                    class="TextInput-module_inputWrapper__9kbLn text-input_hds-text-input__input-wrapper__1RzOg"
                  >
                    <input
                      class="TextInput-module_input__LLKkZ text-input_hds-text-input__input__Kglq3"
                      id="guardian.phoneNumber"
                      name="guardian.phoneNumber"
                      placeholder="Lisää puhelinnumero"
                      required=""
                      type="text"
                      value=""
                    />
                  </div>
                </div>
              </div>
              <div
                class="_guardianName_140e51"
              >
                <div>
                  <div
                    class="TextInput-module_root__lPctx text-input_hds-text-input__mG8r6 _formField_69b114"
                  >
                    <label
                      class="FieldLabel-module_label__EyKsf "
                      for="guardian.firstName"
                    >
                      Etunimi
                      <span
                        class="RequiredIndicator-module_indicator__f1SnK text-input_hds-text-input__required__ZUnA2"
                      >
                        *
                      </span>
                    </label>
                    <div
                      class="TextInput-module_inputWrapper__9kbLn text-input_hds-text-input__input-wrapper__1RzOg"
                    >
                      <input
                        class="TextInput-module_input__LLKkZ text-input_hds-text-input__input__Kglq3"
                        id="guardian.firstName"
                        name="guardian.firstName"
                        placeholder="Lisää etunimi"
                        required=""
                        type="text"
                        value=""
                      />
                    </div>
                  </div>
                </div>
                <div>
                  <div
                    class="TextInput-module_root__lPctx text-input_hds-text-input__mG8r6 _formField_69b114"
                  >
                    <label
                      class="FieldLabel-module_label__EyKsf "
                      for="guardian.lastName"
                    >
                      Sukunimi
                      <span
                        class="RequiredIndicator-module_indicator__f1SnK text-input_hds-text-input__required__ZUnA2"
                      >
                        *
                      </span>
                    </label>
                    <div
                      class="TextInput-module_inputWrapper__9kbLn text-input_hds-text-input__input-wrapper__1RzOg"
                    >
                      <input
                        class="TextInput-module_input__LLKkZ text-input_hds-text-input__input__Kglq3"
                        id="guardian.lastName"
                        name="guardian.lastName"
                        placeholder="Lisää sukunimi"
                        required=""
                        type="text"
                        value=""
                      />
                    </div>
                  </div>
                </div>
              </div>
              <div
                class="_formField_69b114 Select-module_root__7RUyk"
                id="preferLanguage"
                name="preferLanguage"
                tabindex="-1"
              >
                <label
                  class="FieldLabel-module_label__EyKsf "
                  for="preferLanguage-main-button"
                  id="preferLanguage-label"
                >
                  Asiointikieli
                  <span
                    class="RequiredIndicator-module_indicator__f1SnK text-input_hds-text-input__required__ZUnA2"
                  >
                    *
                  </span>
                </label>
                <div
                  class="Select-module_selectAndListContainer__0LfdG"
                >
                  <div
                    class="Select-module_selectedOptionsContainer__7dBXl"
                  >
                    <button
                      aria-controls="preferLanguage-list"
                      aria-disabled="false"
                      aria-expanded="false"
                      aria-haspopup="listbox"
                      aria-label="Asiointikieli. 1 valittu vaihtoehto: "Suomi". Pakollinen."
                      class="Select-module_dropdownButton__JCbQQ Select-module_selectedOptions__ZV-qI Select-module_singleSelect__y5Oup"
                      id="preferLanguage-main-button"
                      role="combobox"
                      type="button"
                    >
                      <div
                        aria-hidden="true"
                        class="Select-module_labels__hujKB"
                      >
                        <span
                          class="Select-module_dropdownButtonOption__QWCG-"
                        >
                          Suomi
                        </span>
                      </div>
                      <div
                        class="Select-module_arrowAndSpaceForClearButton__x2ij8 Select-module_icon__WBy3J"
                      >
                        <svg
                          aria-hidden="true"
                          aria-label="angle-down"
                          class="Icon-module_icon__JQmVx icon_hds-icon__O6EV0 Icon-module_small__nAApk icon_hds-icon--size-s__SloSo Select-module_angleIcon__tPtcz"
                          role="img"
                          viewBox="0 0 24 24"
                          xmlns="http://www.w3.org/2000/svg"
                        >
                          <path
                            clip-rule="evenodd"
                            d="M12 13.5L17 8.5L18.5 10L12 16.5L5.5 10L7 8.5L12 13.5Z"
                            fill="currentColor"
                            fill-rule="evenodd"
                          />
                        </svg>
                      </div>
                    </button>
                  </div>
                  <div>
                    <div
                      aria-hidden="true"
                      class="Select-module_listAndInputContainer__9hv5c"
                      id="preferLanguage-sl-container"
                    />
                  </div>
                </div>
                <div
                  aria-live="polite"
                  class="Select-module_screenReaderNotifications__I0-Hs"
                  data-testid="hds-select-screen-reader-notifications"
                />
              </div>
              <div
                class="_formField_69b114 Select-module_root__7RUyk"
                id="languagesSpokenAtHome"
                name="guardian.languagesSpokenAtHome"
                tabindex="-1"
              >
                <label
                  class="FieldLabel-module_label__EyKsf "
                  for="languagesSpokenAtHome-main-button"
                  id="languagesSpokenAtHome-label"
                >
                  Kotona puhutut kielet
                </label>
                <div
                  class="Select-module_selectAndListContainer__0LfdG"
                >
                  <div
                    class="Select-module_selectedOptionsContainer__7dBXl"
                  >
                    <button
                      aria-controls="languagesSpokenAtHome-list"
                      aria-disabled="false"
                      aria-expanded="false"
                      aria-haspopup="listbox"
                      aria-label="Kotona puhutut kielet. . 0 valittua vaihtoehtoa."
                      class="Select-module_dropdownButton__JCbQQ Select-module_selectedOptions__ZV-qI Select-module_placeholder__u-WLf"
                      id="languagesSpokenAtHome-main-button"
                      role="combobox"
                      type="button"
                    >
                      <div
                        aria-hidden="true"
                        class="Select-module_labels__hujKB"
                      >
                        <span
                          class="Select-module_dropdownButtonOption__QWCG-"
                          data-testid="placeholder"
                        />
                      </div>
                      <div
                        class="Select-module_arrowAndSpaceForClearButton__x2ij8 Select-module_icon__WBy3J"
                      >
                        <svg
                          aria-hidden="true"
                          aria-label="angle-down"
                          class="Icon-module_icon__JQmVx icon_hds-icon__O6EV0 Icon-module_small__nAApk icon_hds-icon--size-s__SloSo Select-module_angleIcon__tPtcz"
                          role="img"
                          viewBox="0 0 24 24"
                          xmlns="http://www.w3.org/2000/svg"
                        >
                          <path
                            clip-rule="evenodd"
                            d="M12 13.5L17 8.5L18.5 10L12 16.5L5.5 10L7 8.5L12 13.5Z"
                            fill="currentColor"
                            fill-rule="evenodd"
                          />
                        </svg>
                      </div>
                    </button>
                  </div>
                  <div>
                    <div
                      aria-hidden="true"
                      class="Select-module_listAndInputContainer__9hv5c"
                      id="languagesSpokenAtHome-sl-container"
                    />
                  </div>
                </div>
                <div
                  aria-live="polite"
                  class="Select-module_screenReaderNotifications__I0-Hs"
                  data-testid="hds-select-screen-reader-notifications"
                />
              </div>
              <div>
                <div
                  class="Checkbox-module_checkbox__CYHqn _checkboxField_4c5c4f"
                  style="--background-hover: var(--color-summer-dark); --background-selected: var(--color-summer); --background-color-selected-hover: var(--color-summer-dark); --background-color-selected-focus: var(--color-summer-dark); --background-color-selected-hover-focus: var(--color-summer-dark); --border-color-selected: var(--color-summer); --border-color-selected-hover: var(--color-summer-dark); --border-color-selected-focus: var(--color-summer-dark); --border-color-selected-hover-focus: var(--color-summer-dark); --icon-color-selected: var(--color-black);"
                >
                  <input
                    checked=""
                    class="Checkbox-module_input__8VEto"
                    id="guardian.hasAcceptedCommunication"
                    name="guardian.hasAcceptedCommunication"
                    type="checkbox"
                    value="true"
                  />
                  <label
                    class="Checkbox-module_label__E-Trx"
                    for="guardian.hasAcceptedCommunication"
                  >
                    Haluan viestejä uusista kummitapahtumista
                  </label>
                </div>
              </div>
              <div
                class="_agreeContainer_140e51"
              >
                <div>
                  <div
                    class="Checkbox-module_checkbox__CYHqn _checkboxField_4c5c4f"
                    style="--background-hover: var(--color-summer-dark); --background-selected: var(--color-summer); --background-color-selected-hover: var(--color-summer-dark); --background-color-selected-focus: var(--color-summer-dark); --background-color-selected-hover-focus: var(--color-summer-dark); --border-color-selected: var(--color-summer); --border-color-selected-hover: var(--color-summer-dark); --border-color-selected-focus: var(--color-summer-dark); --border-color-selected-hover-focus: var(--color-summer-dark); --icon-color-selected: var(--color-black);"
                  >
                    <input
                      aria-label="Olen tutustunut <0>tämän palvelun rekisteriselosteeseen</0> ja <1>kaupungin tietosuojakäytäntöön</1>. Minuun voidaan olla yhteydessä antamieni tietojen avulla."
                      class="Checkbox-module_input__8VEto"
                      id="agree"
                      name="agree"
                      required=""
                      type="checkbox"
                      value="false"
                    />
                    <label
                      class="Checkbox-module_label__E-Trx Checkbox-module_noLabel__1jYfv"
                      for="agree"
                    />
                  </div>
                </div>
                <div
                  class="_agreeLabel_140e51"
                >
                  Olen tutustunut 
                  <a
                    href="https://www.hel.fi/static/liitteet-2019/Kaupunginkanslia/Rekisteriselosteet/Kuva/Kulttuurin-kummilapset-kummiperherekisteri.pdf"
                    rel="noopener noreferrer"
                    target="_blank"
                    title="Rekisteriseloste"
                  >
                    tämän palvelun rekisteriselosteeseen
                  </a>
                   ja 
                  <a
                    href="https://www.hel.fi/fi/paatoksenteko-ja-hallinto/tietoa-helsingista/tietosuoja-ja-tiedonhallinta/tietosuoja"
                    rel="noopener noreferrer"
                    target="_blank"
                    title="Tietosuoja"
                  >
                    kaupungin tietosuojakäytäntöön
                  </a>
                  . Minuun voidaan olla yhteydessä antamieni tietojen avulla.
                  <span
                    class="_required_140e51"
                  >
                     *
                  </span>
                </div>
              </div>
              <button
                class="Button-module_button__P7hTI Button-module_primary__b-5q5 _submitButton_140e51"
                style="--color: var(--color-black); --color-hover: var(--color-black); --color-focus: var(--color-black-90); --color-hover-focus: var(--color-black-90); --background-color: var(--color-summer); --background-color-hover: var(--color-summer-dark); --background-color-focus: var(--color-summer); --background-color-hover-focus: var(--color-summer-dark); --background-selected: var(--color-summer); --border-color: var(--color-summer); --border-color-hover: var(--color-summer-dark); --border-color-focus: var(--color-summer-dark); --border-color-hover-focus: var(--color-summer-dark); --border-color-selected: var(--color-summer); --border-color-selected-hover: var(--color-summer-dark); --border-color-selected-focus: var(--color-summer); --border-color-selected-hover-focus: var(--color-summer);"
                type="submit"
              >
                <span>
                  Ilmoittaudu mukaan
                </span>
              </button>
            </div>
          </form>
        </div>
      </div>
    </div>
  </div>
</div>
`;
