// Vitest Snapshot v1, https://vitest.dev/guide/snapshot.html

exports[`renders snapshot correctly 1`] = `
<div>
  <div
    class="_pageWrapper_e42bcd _grayBackground_72244b"
  >
    <div
      class="_container_533ff0"
    >
      <div
        class="_registrationFormContainer_72244b"
      >
        <div
          class="_registrationForm_72244b"
        >
          <form
            data-testid="registrationForm"
            id="registrationForm"
          >
            <div
              class="_registrationGrayContainer_72244b"
            >
              <h1>
                Tule mukaan
              </h1>
            </div>
            <div
              class="_childrenInfo_72244b _registrationWhiteContainer_72244b"
            >
              <div
                class="_childFields_284205"
              >
                <div
                  class="_childInfo_284205"
                >
                  <div
                    class="_heading_284205"
                  >
                    <div
                      class="_imgWrapper_73ff55 _childImage_284205"
                    >
                      <img
                        alt=""
                        src="/icons/svg/childFaceHappy.svg"
                      />
                    </div>
                    <h2>
                      Lapsen tiedot
                    </h2>
                    <p
                      class="_right_8fd5d0"
                      data-testid="mandatory-field-legend"
                    >
                      <span
                        class="_bold_8fd5d0"
                      >
                        *
                      </span>
                      <span>
                         
                        tarkoittaa pakollista kenttää
                      </span>
                    </p>
                  </div>
                  <div
                    class="_childFixedInfo_284205"
                  >
                    <div
                      class="_childBirthyear_284205"
                    >
                      <label>
                        Lapsen syntymävuosi
                      </label>
                      <p>
                        2026
                      </p>
                    </div>
                    <div
                      class="_childHomeCity_284205"
                    >
                      <label>
                        Lapsen kotipaikkakunta
                      </label>
                      <p />
                    </div>
                  </div>
                  <div
                    class="_childName_284205"
                  >
                    <div>
                      <div
                        class="TextInput-module_root__2CMNr text-input_hds-text-input__2LODq _formField_b4a938"
                      >
                        <label
                          class="FieldLabel-module_label__1zrXK "
                          for="children[0].name"
                        >
                          Lapsen nimi
                        </label>
                        <div
                          class="TextInput-module_inputWrapper__3Rvel text-input_hds-text-input__input-wrapper__1OqYG"
                        >
                          <input
                            autocomplete="new-password"
                            class="TextInput-module_input__1BlHi text-input_hds-text-input__input__GJm5C"
                            id="children[0].name"
                            name="children[0].name"
                            placeholder="Lisää lapsen nimi"
                            type="text"
                            value=""
                          />
                        </div>
                      </div>
                    </div>
                  </div>
                  <div>
                    <div
                      class="TextInput-module_root__2CMNr text-input_hds-text-input__2LODq _formField_b4a938"
                    >
                      <label
                        class="FieldLabel-module_label__1zrXK "
                        for="children[0].postalCode"
                      >
                        Postinumero
                        <span
                          class="RequiredIndicator-module_indicator__Pt7GX text-input_hds-text-input__required__2K-Bs"
                        >
                          *
                        </span>
                      </label>
                      <div
                        class="TextInput-module_inputWrapper__3Rvel text-input_hds-text-input__input-wrapper__1OqYG"
                      >
                        <input
                          class="TextInput-module_input__1BlHi text-input_hds-text-input__input__GJm5C"
                          id="children[0].postalCode"
                          name="children[0].postalCode"
                          placeholder="Lisää postinumero"
                          required=""
                          type="text"
                          value=""
                        />
                      </div>
                    </div>
                  </div>
                  <div
                    class="_formField_b4a938 Select-module_root__-GjU5"
                    id="hds-select-1"
                    name="children[0].relationship.type"
                    tabindex="-1"
                  >
                    <label
                      class="FieldLabel-module_label__1zrXK "
                      for="hds-select-1-main-button"
                      id="hds-select-1-label"
                    >
                      Ilmoittajan suhde lapseen
                    </label>
                    <div
                      class="Select-module_selectAndListContainer__vSJEv"
                    >
                      <div
                        class="Select-module_selectedOptionsContainer__16tlC"
                      >
                        <button
                          aria-controls="hds-select-1-list"
                          aria-disabled="false"
                          aria-expanded="false"
                          aria-haspopup="listbox"
                          aria-label="Ilmoittajan suhde lapseen. 1 valittu vaihtoehto: ""."
                          class="Select-module_dropdownButton__2-_Ec Select-module_selectedOptions__VmvqD Select-module_singleSelect__3hwAT"
                          id="hds-select-1-main-button"
                          role="combobox"
                          type="button"
                        >
                          <div
                            aria-hidden="true"
                            class="Select-module_labels__2FlKK"
                          >
                            <span
                              class="Select-module_dropdownButtonOption__3Tfsz"
                            />
                          </div>
                          <div
                            class="Select-module_arrowAndSpaceForClearButton__3Fufw Select-module_icon__3AwlD"
                          >
                            <svg
                              aria-hidden="true"
                              aria-label="angle-down"
                              class="Icon-module_icon__1Jtzj icon_hds-icon__1YqNC Icon-module_small__gTGkU icon_hds-icon--size-s__2Lkik Select-module_angleIcon__3A9li"
                              role="img"
                              viewBox="0 0 24 24"
                              xmlns="http://www.w3.org/2000/svg"
                            >
                              <path
                                clip-rule="evenodd"
                                d="M12 13.5L17 8.5L18.5 10L12 16.5L5.5 10L7 8.5L12 13.5Z"
                                fill="currentColor"
                                fill-rule="evenodd"
                              />
                            </svg>
                          </div>
                        </button>
                      </div>
                      <div
                        aria-hidden="true"
                        class="Select-module_listAndInputContainer__2gZ6q"
                        id="hds-select-1-sl-container"
                      >
                        <div
                          class="Select-module_listContainer__2PfQA"
                          style="max-height: 286px;"
                        >
                          <ul
                            aria-multiselectable="false"
                            class="Select-module_list__2iKlZ"
                            id="hds-select-1-list"
                            role="listbox"
                            tabindex="-1"
                          />
                        </div>
                      </div>
                    </div>
                    <div
                      aria-live="polite"
                      class="Select-module_screenReaderNotifications__2wzzH"
                      data-testid="hds-select-screen-reader-notifications"
                    />
                  </div>
                </div>
              </div>
            </div>
            <div
              class="_registrationGrayContainer_72244b"
            >
              <button
                aria-label="Lisää lapsi"
                class="Button-module_button__1msFE Button-module_supplementary__3YKiS _addNewChildButton_72244b"
                style="--color: var(--color-black); --color-hover: var(--color-black); --color-focus: var(--color-black-90); --color-hover-focus: var(--color-black-90); --background-color: transparent; --background-color-hover: transparent; --background-color-focus: transparent; --background-color-hover-focus: transparent; --background-selected: var(--color-summer); --border-color: none; --border-color-hover: var(--color-summer-dark); --border-color-focus: var(--color-summer-dark); --border-color-hover-focus: var(--color-summer-dark); --border-color-selected: var(--color-summer); --border-color-selected-hover: var(--color-summer-dark); --border-color-selected-focus: var(--color-summer); --border-color-selected-hover-focus: var(--color-summer);"
                type="button"
              >
                <div
                  aria-hidden="true"
                  class="Button-module_icon__O-h7R"
                >
                  <svg
                    aria-hidden="true"
                    aria-label="plus-circle"
                    class="Icon-module_icon__1Jtzj icon_hds-icon__1YqNC Icon-module_small__gTGkU icon_hds-icon--size-s__2Lkik"
                    role="img"
                    viewBox="0 0 24 24"
                    xmlns="http://www.w3.org/2000/svg"
                  >
                    <path
                      clip-rule="evenodd"
                      d="M12 2C17.5228 2 22 6.47715 22 12C22 17.5228 17.5228 22 12 22C6.47715 22 2 17.5228 2 12C2 6.47715 6.47715 2 12 2ZM12 4C7.58172 4 4 7.58172 4 12C4 16.4183 7.58172 20 12 20C16.4183 20 20 16.4183 20 12C20 7.58172 16.4183 4 12 4ZM13 7V11H17V13H13V17H11V13H7V11H11V7H13Z"
                      fill="currentColor"
                      fill-rule="evenodd"
                    />
                  </svg>
                </div>
                <span>
                  Lisää lapsi
                </span>
              </button>
            </div>
            <div
              class="_guardianInfo_72244b _registrationWhiteContainer_72244b"
            >
              <div
                class="_heading_72244b"
              >
                <div
                  class="_imgWrapper_73ff55 _childImage_72244b"
                >
                  <img
                    alt=""
                    src="/icons/svg/adultFaceHappy.svg"
                  />
                </div>
                <h2>
                  Lähiaikuisen tiedot
                </h2>
                <p
                  class="_right_8fd5d0"
                  data-testid="mandatory-field-legend"
                >
                  <span
                    class="_bold_8fd5d0"
                  >
                    *
                  </span>
                  <span>
                     
                    tarkoittaa pakollista kenttää
                  </span>
                </p>
              </div>
              <div>
                <div
                  class="TextInput-module_root__2CMNr text-input_hds-text-input__2LODq _formField_b4a938"
                >
                  <label
                    class="FieldLabel-module_label__1zrXK "
                    for="guardian.email"
                  >
                    Sähköpostiosoite
                    <span
                      class="RequiredIndicator-module_indicator__Pt7GX text-input_hds-text-input__required__2K-Bs"
                    >
                      *
                    </span>
                  </label>
                  <div
                    class="TextInput-module_inputWrapper__3Rvel text-input_hds-text-input__input-wrapper__1OqYG"
                  >
                    <input
                      class="TextInput-module_input__1BlHi text-input_hds-text-input__input__GJm5C"
                      data-testid="guardian.email"
                      disabled=""
                      id="guardian.email"
                      name="guardian.email"
                      placeholder="Lisää sähköpostiosoite"
                      required=""
                      type="text"
                      value=""
                    />
                  </div>
                </div>
              </div>
              <div>
                <div
                  class="TextInput-module_root__2CMNr text-input_hds-text-input__2LODq _formField_b4a938"
                >
                  <label
                    class="FieldLabel-module_label__1zrXK "
                    for="guardian.phoneNumber"
                  >
                    Puhelinnumero
                    <span
                      class="RequiredIndicator-module_indicator__Pt7GX text-input_hds-text-input__required__2K-Bs"
                    >
                      *
                    </span>
                  </label>
                  <div
                    class="TextInput-module_inputWrapper__3Rvel text-input_hds-text-input__input-wrapper__1OqYG"
                  >
                    <input
                      class="TextInput-module_input__1BlHi text-input_hds-text-input__input__GJm5C"
                      id="guardian.phoneNumber"
                      name="guardian.phoneNumber"
                      placeholder="Lisää puhelinnumero"
                      required=""
                      type="text"
                      value=""
                    />
                  </div>
                </div>
              </div>
              <div
                class="_guardianName_72244b"
              >
                <div>
                  <div
                    class="TextInput-module_root__2CMNr text-input_hds-text-input__2LODq _formField_b4a938"
                  >
                    <label
                      class="FieldLabel-module_label__1zrXK "
                      for="guardian.firstName"
                    >
                      Etunimi
                      <span
                        class="RequiredIndicator-module_indicator__Pt7GX text-input_hds-text-input__required__2K-Bs"
                      >
                        *
                      </span>
                    </label>
                    <div
                      class="TextInput-module_inputWrapper__3Rvel text-input_hds-text-input__input-wrapper__1OqYG"
                    >
                      <input
                        class="TextInput-module_input__1BlHi text-input_hds-text-input__input__GJm5C"
                        id="guardian.firstName"
                        name="guardian.firstName"
                        placeholder="Lisää etunimi"
                        required=""
                        type="text"
                        value=""
                      />
                    </div>
                  </div>
                </div>
                <div>
                  <div
                    class="TextInput-module_root__2CMNr text-input_hds-text-input__2LODq _formField_b4a938"
                  >
                    <label
                      class="FieldLabel-module_label__1zrXK "
                      for="guardian.lastName"
                    >
                      Sukunimi
                      <span
                        class="RequiredIndicator-module_indicator__Pt7GX text-input_hds-text-input__required__2K-Bs"
                      >
                        *
                      </span>
                    </label>
                    <div
                      class="TextInput-module_inputWrapper__3Rvel text-input_hds-text-input__input-wrapper__1OqYG"
                    >
                      <input
                        class="TextInput-module_input__1BlHi text-input_hds-text-input__input__GJm5C"
                        id="guardian.lastName"
                        name="guardian.lastName"
                        placeholder="Lisää sukunimi"
                        required=""
                        type="text"
                        value=""
                      />
                    </div>
                  </div>
                </div>
              </div>
              <div
                class="_formField_b4a938 Select-module_root__-GjU5"
                id="hds-select-2"
                name="preferLanguage"
                tabindex="-1"
              >
                <label
                  class="FieldLabel-module_label__1zrXK "
                  for="hds-select-2-main-button"
                  id="hds-select-2-label"
                >
                  Asiointikieli
                </label>
                <div
                  class="Select-module_selectAndListContainer__vSJEv"
                >
                  <div
                    class="Select-module_selectedOptionsContainer__16tlC"
                  >
                    <button
                      aria-controls="hds-select-2-list"
                      aria-disabled="false"
                      aria-expanded="false"
                      aria-haspopup="listbox"
                      aria-label="Asiointikieli. 1 valittu vaihtoehto: "Suomi"."
                      class="Select-module_dropdownButton__2-_Ec Select-module_selectedOptions__VmvqD Select-module_singleSelect__3hwAT"
                      id="hds-select-2-main-button"
                      role="combobox"
                      type="button"
                    >
                      <div
                        aria-hidden="true"
                        class="Select-module_labels__2FlKK"
                      >
                        <span
                          class="Select-module_dropdownButtonOption__3Tfsz"
                        >
                          Suomi
                        </span>
                      </div>
                      <div
                        class="Select-module_arrowAndSpaceForClearButton__3Fufw Select-module_icon__3AwlD"
                      >
                        <svg
                          aria-hidden="true"
                          aria-label="angle-down"
                          class="Icon-module_icon__1Jtzj icon_hds-icon__1YqNC Icon-module_small__gTGkU icon_hds-icon--size-s__2Lkik Select-module_angleIcon__3A9li"
                          role="img"
                          viewBox="0 0 24 24"
                          xmlns="http://www.w3.org/2000/svg"
                        >
                          <path
                            clip-rule="evenodd"
                            d="M12 13.5L17 8.5L18.5 10L12 16.5L5.5 10L7 8.5L12 13.5Z"
                            fill="currentColor"
                            fill-rule="evenodd"
                          />
                        </svg>
                      </div>
                    </button>
                  </div>
                  <div
                    aria-hidden="true"
                    class="Select-module_listAndInputContainer__2gZ6q"
                    id="hds-select-2-sl-container"
                  >
                    <div
                      class="Select-module_listContainer__2PfQA"
                      style="max-height: 286px;"
                    >
                      <ul
                        aria-multiselectable="false"
                        class="Select-module_list__2iKlZ"
                        id="hds-select-2-list"
                        role="listbox"
                        tabindex="-1"
                      />
                    </div>
                  </div>
                </div>
                <div
                  aria-live="polite"
                  class="Select-module_screenReaderNotifications__2wzzH"
                  data-testid="hds-select-screen-reader-notifications"
                />
              </div>
              <div
                class="_formField_b4a938 Select-module_root__-GjU5"
                id="languagesSpokenAtHome"
                name="guardian.languagesSpokenAtHome"
                tabindex="-1"
              >
                <label
                  class="FieldLabel-module_label__1zrXK "
                  for="languagesSpokenAtHome-main-button"
                  id="languagesSpokenAtHome-label"
                >
                  Kotona puhutut kielet
                </label>
                <div
                  class="Select-module_selectAndListContainer__vSJEv"
                >
                  <div
                    class="Select-module_selectedOptionsContainer__16tlC"
                  >
                    <button
                      aria-controls="languagesSpokenAtHome-list"
                      aria-disabled="false"
                      aria-expanded="false"
                      aria-haspopup="listbox"
                      aria-label="Kotona puhutut kielet. . 0 valittua vaihtoehtoa."
                      class="Select-module_dropdownButton__2-_Ec Select-module_selectedOptions__VmvqD Select-module_placeholder__nKgDE"
                      id="languagesSpokenAtHome-main-button"
                      role="combobox"
                      type="button"
                    >
                      <div
                        aria-hidden="true"
                        class="Select-module_labels__2FlKK"
                      >
                        <span
                          class="Select-module_dropdownButtonOption__3Tfsz"
                          data-testid="placeholder"
                        />
                      </div>
                      <div
                        class="Select-module_arrowAndSpaceForClearButton__3Fufw Select-module_icon__3AwlD"
                      >
                        <svg
                          aria-hidden="true"
                          aria-label="angle-down"
                          class="Icon-module_icon__1Jtzj icon_hds-icon__1YqNC Icon-module_small__gTGkU icon_hds-icon--size-s__2Lkik Select-module_angleIcon__3A9li"
                          role="img"
                          viewBox="0 0 24 24"
                          xmlns="http://www.w3.org/2000/svg"
                        >
                          <path
                            clip-rule="evenodd"
                            d="M12 13.5L17 8.5L18.5 10L12 16.5L5.5 10L7 8.5L12 13.5Z"
                            fill="currentColor"
                            fill-rule="evenodd"
                          />
                        </svg>
                      </div>
                    </button>
                  </div>
                  <div
                    aria-hidden="true"
                    class="Select-module_listAndInputContainer__2gZ6q"
                    id="languagesSpokenAtHome-sl-container"
                  >
                    <div
                      class="Select-module_listContainer__2PfQA"
                      style="max-height: 286px;"
                    >
                      <ul
                        aria-multiselectable="true"
                        class="Select-module_list__2iKlZ"
                        id="languagesSpokenAtHome-list"
                        role="listbox"
                        tabindex="-1"
                      />
                    </div>
                  </div>
                </div>
                <div
                  aria-live="polite"
                  class="Select-module_screenReaderNotifications__2wzzH"
                  data-testid="hds-select-screen-reader-notifications"
                />
              </div>
              <div>
                <div
                  class="Checkbox-module_checkbox__3r5uI _checkboxField_639ec5"
                  style="--background-hover: var(--color-summer-dark); --background-selected: var(--color-summer); --background-color-selected-hover: var(--color-summer-dark); --background-color-selected-focus: var(--color-summer-dark); --background-color-selected-hover-focus: var(--color-summer-dark); --border-color-selected: var(--color-summer); --border-color-selected-hover: var(--color-summer-dark); --border-color-selected-focus: var(--color-summer-dark); --border-color-selected-hover-focus: var(--color-summer-dark); --icon-color-selected: var(--color-black);"
                >
                  <input
                    checked=""
                    class="Checkbox-module_input__2bdJk"
                    id="guardian.hasAcceptedCommunication"
                    name="guardian.hasAcceptedCommunication"
                    type="checkbox"
                    value="true"
                  />
                  <label
                    class="Checkbox-module_label__148Ac"
                    for="guardian.hasAcceptedCommunication"
                  >
                    Haluan viestejä uusista kummitapahtumista
                  </label>
                </div>
              </div>
              <div
                class="_agreeContainer_72244b"
              >
                <div>
                  <div
                    class="Checkbox-module_checkbox__3r5uI _checkboxField_639ec5"
                    style="--background-hover: var(--color-summer-dark); --background-selected: var(--color-summer); --background-color-selected-hover: var(--color-summer-dark); --background-color-selected-focus: var(--color-summer-dark); --background-color-selected-hover-focus: var(--color-summer-dark); --border-color-selected: var(--color-summer); --border-color-selected-hover: var(--color-summer-dark); --border-color-selected-focus: var(--color-summer-dark); --border-color-selected-hover-focus: var(--color-summer-dark); --icon-color-selected: var(--color-black);"
                  >
                    <input
                      aria-label="Olen tutustunut <0>tämän palvelun rekisteriselosteeseen</0> ja <1>kaupungin tietosuojakäytäntöön</1>. Minuun voidaan olla yhteydessä antamieni tietojen avulla."
                      class="Checkbox-module_input__2bdJk"
                      id="agree"
                      name="agree"
                      required=""
                      type="checkbox"
                      value="false"
                    />
                    <label
                      class="Checkbox-module_label__148Ac Checkbox-module_noLabel__1HSAV"
                      for="agree"
                    />
                  </div>
                </div>
                <div
                  class="_agreeLabel_72244b"
                >
                  Olen tutustunut 
                  <a
                    href="https://www.hel.fi/static/liitteet-2019/Kaupunginkanslia/Rekisteriselosteet/Kuva/Kulttuurin-kummilapset-kummiperherekisteri.pdf"
                    rel="noopener noreferrer"
                    target="_blank"
                    title="Rekisteriseloste"
                  >
                    tämän palvelun rekisteriselosteeseen
                  </a>
                   ja 
                  <a
                    href="https://www.hel.fi/fi/paatoksenteko-ja-hallinto/tietoa-helsingista/tietosuoja-ja-tiedonhallinta/tietosuoja"
                    rel="noopener noreferrer"
                    target="_blank"
                    title="Tietosuoja"
                  >
                    kaupungin tietosuojakäytäntöön
                  </a>
                  . Minuun voidaan olla yhteydessä antamieni tietojen avulla.
                  <span
                    class="_required_72244b"
                  >
                     *
                  </span>
                </div>
              </div>
              <button
                class="Button-module_button__1msFE Button-module_primary__2LfKB _submitButton_72244b"
                style="--color: var(--color-black); --color-hover: var(--color-black); --color-focus: var(--color-black-90); --color-hover-focus: var(--color-black-90); --background-color: var(--color-summer); --background-color-hover: var(--color-summer-dark); --background-color-focus: var(--color-summer); --background-color-hover-focus: var(--color-summer-dark); --background-selected: var(--color-summer); --border-color: var(--color-summer); --border-color-hover: var(--color-summer-dark); --border-color-focus: var(--color-summer-dark); --border-color-hover-focus: var(--color-summer-dark); --border-color-selected: var(--color-summer); --border-color-selected-hover: var(--color-summer-dark); --border-color-selected-focus: var(--color-summer); --border-color-selected-hover-focus: var(--color-summer);"
                type="submit"
              >
                <span>
                  Ilmoittaudu mukaan
                </span>
              </button>
            </div>
          </form>
        </div>
      </div>
    </div>
  </div>
</div>
`;
