// Vitest Snapshot v1, https://vitest.dev/guide/snapshot.html

exports[`renders snapshot correctly 1`] = `
<div>
  <div
    class="class"
    id="time"
  >
    <i>
      iconSource
    </i>
    <div>
      <p
        class="_text_f7e7fb _body_f7e7fb _label_9e1f4e"
      >
        infoItemLabel
      </p>
    </div>
  </div>
</div>
`;
