// Vitest Snapshot v1, https://vitest.dev/guide/snapshot.html

exports[`renders snapshot correctly 1`] = `
<div>
  <div
    class="class"
    id="time"
  >
    <i>
      iconSource
    </i>
    <div>
      <p
        class="_text_e4e173 _body_e4e173 _label_e93b69"
      >
        infoItemLabel
      </p>
    </div>
  </div>
</div>
`;
