// Vitest Snapshot v1, https://vitest.dev/guide/snapshot.html

exports[`Footer matches snapshot 1`] = `
<footer
  class="_footer_21cae1"
  role="contentinfo"
>
  <div>
    <button
      type="button"
    >
      Takaisin alkuun
    </button>
    <span>
      Helsingin kaupunki
    </span>
    <a
      href="https://kukkuu.fi/fi"
    >
      Kulttuurin kummilapset
    </a>
    <a
      href="https://hkih.production.geniem.io/saavutettavuusseloste"
    >
      Saavutettavuusseloste
    </a>
  </div>
</footer>
`;
