// Vitest Snapshot v1, https://vitest.dev/guide/snapshot.html

exports[`renders snapshot correctly 1`] = `
<div>
  <div
    class="_footerWrapper_ca2122"
  >
    <div
      class="Koros-module_koros__1r3rg _koros_ca2122"
    >
      <svg
        aria-hidden="true"
        height="85"
        width="100%"
        xmlns="http://www.w3.org/2000/svg"
      >
        <defs>
          <pattern
            height="85"
            id="koros_basic-1"
            patternUnits="userSpaceOnUse"
            width="106"
            x="0"
            y="0"
          >
            <path
              d="M0,800h20V0c-4.9,0-5,2.6-9.9,2.6S5,0,0,0V800z"
              transform="scale(5.3)"
            />
          </pattern>
        </defs>
        <rect
          fill="url(#koros_basic-1)"
          height="85"
          width="100%"
        />
      </svg>
    </div>
    <div
      class="_container_533ff0"
    >
      <div
        class="_footer_ca2122"
      >
        <div
          class="_helsinkiLogo_ca2122 _fi_ca2122"
        />
        <div
          class="_copyright_ca2122"
        >
          <p>
            © Helsingin kaupunki
          </p>
        </div>
        <div
          class="_links_ca2122"
        >
          <a
            href="/accessibility#start"
          >
            Saavutettavuusseloste
          </a>
           
          •
           
          <a
            href="/terms"
          >
            Käyttöehdot
          </a>
           
          •
           
          <a
            href="https://www.hel.fi/static/liitteet-2019/Kaupunginkanslia/Rekisteriselosteet/Kuva/Kulttuurin%20kummilapset%20-kummiperherekisteri.pdf"
            rel="noopener noreferrer"
            target="_blank"
          >
            Rekisteriseloste
          </a>
           
          •
           
          <a
            href="https://www.hel.fi/helsinki/fi/kaupunki-ja-hallinto/tietoa-helsingista/tietosuoja/"
            rel="noopener noreferrer"
          >
            Tietosuoja
          </a>
        </div>
      </div>
    </div>
  </div>
</div>
`;
